// Jest Snapshot v1, https://goo.gl/fbAQLP

exports[`@nx/storybook:cypress-project should generate files 1`] = `
"import { defineConfig } from 'cypress';
import { nxE2EStorybookPreset } from '@nx/storybook/presets/cypress';

export default defineConfig({
  e2e: nxE2EStorybookPreset(__dirname),
});
"
`;
